// Jest Snapshot v1, https://goo.gl/fbAQLP

exports[`[schema] formatting - describe detailed 1`] = `
"{
  hed: <single line string>,
  dek?: <string>,
  body: <string>,
  author?: {
    first?: <single line string>,
    last?: <single line string>
  },
  issueDate?: <ISO Date>,
  canonicalUrl?: <url>,
  tags?: list of <single word string>,
  categories: list of <single line string>,
  geo?: {
    lat: <integer>,
    long: <integer>
  },
  contributors?: list of {
    first?: <single line string>,
    last?: <single line string>
  },
  relatedArticles?: has many MediumArticle
}"
`;

exports[`[schema] formatting - describe nested 1`] = `
"{
  people: list of {
    first?: <single line string>,
    last?: <string>
  }
}"
`;

exports[`[schema] formatting - describe relationships 1`] = `
"{
  first?: <single line string>,
  last?: <string>,
  person: has one SimpleArticle,
  articles?: has many MediumArticle
}"
`;

exports[`[schema] formatting - describe simple 1`] = `
"{
  hed: <single line string>,
  dek?: <string>,
  body: <string>
}"
`;
